<testsuites name="jest tests" tests="1" failures="0" time="2.519">
  <testsuite name="undefined" errors="0" failures="0" skipped="0" timestamp="2021-07-07T12:39:07" time="1.41" tests="1">
    <testcase classname=" renders learn react link" name=" renders learn react link" time="0.02">
    </testcase>
  </testsuite>
</testsuites>